[www.simplxr.com/index.html]
[backblue.gif]
[fade.gif]
[index.html]
[w1ipfd13jz-flywheel.netdna-ssl.com/wp-content/uploads/2017/12/cropped-simplxr-ogimage.jpg]
[w1ipfd13jz-flywheel.netdna-ssl.com/wp-content/themes/simplxr/dist/styles/main_d6352320.css]
[w1ipfd13jz-flywheel.netdna-ssl.com/wp-content/uploads/2017/12/cropped-favicon-simplxr-32x32.png]
[w1ipfd13jz-flywheel.netdna-ssl.com/wp-content/uploads/2017/12/cropped-favicon-simplxr-192x192.png]
[w1ipfd13jz-flywheel.netdna-ssl.com/wp-content/uploads/2017/12/cropped-favicon-simplxr-180x180.png]
[www.simplxr.com/wp-content/themes/simplxr/dist/images/spritemap.svg]
[www.simplxr.com/about-us/index.html]
[www.simplxr.com/wp-content/uploads/2017/12/Simplxr-People-edited-1500x1000.jpg]
[www.simplxr.com/diensten/index.html]
[www.simplxr.com/updates/index.html]
[www.simplxr.com/contact/index.html]
[www.simplxr.com/wp-content/uploads/2017/11/Simplxr-LR-1-21-1500x1000.jpg]
[www.simplxr.com/diensten/index1985.html]
[www.simplxr.com/diensten/index47b0.html]
[www.simplxr.com/wp-content/uploads/2017/11/Simplxr-LR-1-1500x1000.jpg]
[www.simplxr.com/diensten/index17d4.html]
[w1ipfd13jz-flywheel.netdna-ssl.com/wp-content/uploads/2018/02/logo-frieslandcampina.png]
[w1ipfd13jz-flywheel.netdna-ssl.com/wp-content/uploads/2017/11/heinekenlogo.png]
[w1ipfd13jz-flywheel.netdna-ssl.com/wp-content/uploads/2017/11/kpnlogo.png]
[w1ipfd13jz-flywheel.netdna-ssl.com/wp-content/uploads/2017/11/abnlogo.png]
[w1ipfd13jz-flywheel.netdna-ssl.com/wp-content/uploads/2018/02/varoeneergy.png]
[w1ipfd13jz-flywheel.netdna-ssl.com/wp-content/uploads/2018/02/bouwinvest.png]
[w1ipfd13jz-flywheel.netdna-ssl.com/wp-content/uploads/2018/02/cz.png]
[w1ipfd13jz-flywheel.netdna-ssl.com/wp-content/uploads/2018/02/deloitte.png]
[w1ipfd13jz-flywheel.netdna-ssl.com/wp-content/uploads/2018/02/magneds.png]
[w1ipfd13jz-flywheel.netdna-ssl.com/wp-content/uploads/2018/02/volkerwessels.png]
[w1ipfd13jz-flywheel.netdna-ssl.com/wp-content/uploads/2018/02/vandevelde.png]
[w1ipfd13jz-flywheel.netdna-ssl.com/wp-includes/js/jquery/jquery.js]
[www.simplxr.com/hoe-samen-met-uw-leveranciers-succesvol-te-worden/index.html]
[www.simplxr.com/wat-kan-ik-met-agent-based-modeling/index.html]
[www.simplxr.com/voegt-data-science-echt-waarde-toe/index.html]
[www.simplxr.com/index.html]
[w1ipfd13jz-flywheel.netdna-ssl.com/wp-content/themes/simplxr/dist/scripts/main_d6352320.js]
[www.simplxr.com/vacatures/index.html]
[www.simplxr.com/sdrive/index.html]
[www.simplxr.com/privacyverklaring/index.html]
[www.simplxr.com/cookies/index.html]
[w1ipfd13jz-flywheel.netdna-ssl.com/wp-content/themes/simplxr/dist/images/subnav__bg_0a020db7.jpg]
[w1ipfd13jz-flywheel.netdna-ssl.com/wp-content/themes/simplxr/dist/styles/main_d6352320.css]
[www.simplxr.com/wp-content/uploads/2017/11/welcometosimplxr.jpg]
[www.simplxr.com/wp-content/uploads/2017/11/meeting.jpg]
[www.simplxr.com/wp-content/uploads/2017/11/pointingout.jpg]
[www.simplxr.com/wp-content/uploads/2017/11/Simplxr-LR-1-2.jpg]
[w1ipfd13jz-flywheel.netdna-ssl.com/wp-content/uploads/2017/11/academic-1050x1575.jpg]
[www.simplxr.com/wp-content/uploads/2018/02/hansvandonge.jpg]
[www.simplxr.com/wp-content/uploads/2018/02/basbosma.jpg]
[www.simplxr.com/wp-content/uploads/2017/12/koko.jpg]
[www.simplxr.com/wp-content/uploads/2017/11/bart.jpg]
[www.simplxr.com/wp-content/uploads/2017/12/sid.jpg]
[www.simplxr.com/wp-content/uploads/2017/11/bram.jpg]
[www.simplxr.com/wp-content/uploads/2017/12/berendmarijn.jpg]
[www.simplxr.com/about-us/index.html]
[w1ipfd13jz-flywheel.netdna-ssl.com/wp-content/uploads/2017/11/consulting-580x760.jpg]
[w1ipfd13jz-flywheel.netdna-ssl.com/wp-content/uploads/2017/11/Simplxr-LR-9668-1320x880.jpg]
[w1ipfd13jz-flywheel.netdna-ssl.com/wp-content/uploads/2017/12/Simplxr-Pointing-edited-580x387.jpg]
[www.simplxr.com/diensten/index.html]
[w1ipfd13jz-flywheel.netdna-ssl.com/wp-content/uploads/2017/11/contact.jpg]
[www.simplxr.com/contact/index.html]
[www.simplxr.com/wp-content/themes/simplxr/dist/images/spritemap.svg]
[www.simplxr.com/updates/index.html]
[www.simplxr.com/diensten/index1985.html]
[www.simplxr.com/diensten/index47b0.html]
[www.simplxr.com/diensten/index17d4.html]
[w1ipfd13jz-flywheel.netdna-ssl.com/wp-content/plugins/markdown-editor/assets/styles/frontend.min.css]
[w1ipfd13jz-flywheel.netdna-ssl.com/wp-content/uploads/2018/06/grid-579x406.jpg]
[w1ipfd13jz-flywheel.netdna-ssl.com/wp-content/plugins/markdown-editor/assets/scripts/clipboard.min.js]
[www.simplxr.com/wat-kan-ik-met-agent-based-modeling/index.html]
[w1ipfd13jz-flywheel.netdna-ssl.com/wp-content/plugins/markdown-editor/assets/scripts/frontend.min.js]
[w1ipfd13jz-flywheel.netdna-ssl.com/wp-content/uploads/2018/01/darwin-1100x619.jpg]
[w1ipfd13jz-flywheel.netdna-ssl.com/wp-content/uploads/2018/02/hansvandonge-210x265.jpg]
[www.simplxr.com/hoe-samen-met-uw-leveranciers-succesvol-te-worden/index.html]
[w1ipfd13jz-flywheel.netdna-ssl.com/wp-content/uploads/2018/01/grayscale_laptop_notebook_coffee_1-999x666.jpg]
[www.simplxr.com/voegt-data-science-echt-waarde-toe/index.html]
[www.simplxr.com/wp-content/uploads/2017/11/careers.jpg]
[www.simplxr.com/wp-content/uploads/2017/11/careers2.jpg]
[www.simplxr.com/wp-content/uploads/2017/11/careers3.jpg]
[www.simplxr.com/vacatures/index.html]
[www.simplxr.com/sdrive/index.html]
[www.simplxr.com/privacyverklaring/index.html]
[www.simplxr.com/cookies/index.html]
[w1ipfd13jz-flywheel.netdna-ssl.com/wp-content/plugins/markdown-editor/assets/styles/frontend.min.css]
[w1ipfd13jz-flywheel.netdna-ssl.com/wp-content/plugins/markdown-editor/assets/scripts/highlight.pack.js]
[w1ipfd13jz-flywheel.netdna-ssl.com/wp-content/plugins/markdown-editor/assets/scripts/line-numbers.min.js]
[w1ipfd13jz-flywheel.netdna-ssl.com/wp-content/uploads/2018/02/basbosma-210x265.jpg]
[w1ipfd13jz-flywheel.netdna-ssl.com/wp-content/themes/simplxr/dist/images/bg-feather_209075ca.png]
