[www.sapien.network/index.html]
[backblue.gif]
[fade.gif]
[index.html]
[www.sapien.network/static/favicon/apple-icon-57x57.png]
[www.sapien.network/static/favicon/apple-icon-60x60.png]
[www.sapien.network/static/favicon/apple-icon-72x72.png]
[www.sapien.network/static/favicon/apple-icon-76x76.png]
[www.sapien.network/static/favicon/apple-icon-114x114.png]
[www.sapien.network/static/favicon/apple-icon-120x120.png]
[www.sapien.network/static/favicon/apple-icon-144x144.png]
[www.sapien.network/static/favicon/apple-icon-152x152.png]
[www.sapien.network/static/favicon/apple-icon-180x180.png]
[www.sapien.network/static/favicon/android-icon-192x192.png]
[www.sapien.network/static/favicon/favicon-32x32.png]
[www.sapien.network/static/favicon/favicon-96x96.png]
[www.sapien.network/static/favicon/favicon-16x16.png]
[www.sapien.network/static/favicon/manifest.json]
[use.fontawesome.com/releases/v5.0.10/css/all.css]
[cdnjs.cloudflare.com/ajax/libs/slick-carousel/1.6.0/slick.min.css]
[cdnjs.cloudflare.com/ajax/libs/slick-carousel/1.6.0/slick-theme.min.css]
[maxcdn.bootstrapcdn.com/bootstrap/4.0.0/css/bootstrap.min.css]
[www.sapien.network/static/styles/loader.css]
[www.sapien.network/_next/5837f2ba-26fb-4035-9019-c840310b227b/page/_error.js]
[www.sapien.network/_next/5837f2ba-26fb-4035-9019-c840310b227b/page/index.js]
[www.sapien.network/_next/5837f2ba-26fb-4035-9019-c840310b227b/main.js]
[www.sapien.network/static/pdf/SPNv1_3.pdf]
[www.sapien.network/static/svg/icon-democracy.svg]
[www.sapien.network/static/svg/icon-privacy-data.svg]
[www.sapien.network/static/svg/icon-free-speech.svg]
[www.sapien.network/static/svg/icon-customizability.svg]
[www.sapien.network/static/svg/icon-monitor.svg]
[www.sapien.network/static/svg/icon-marketplace.svg]
[www.sapien.network/static/svg/icon-reward.svg]
[www.sapien.network/static/svg/icon-social.svg]
[www.sapien.network/static/svg/icon-data.svg]
[www.sapien.network/static/svg/icon-create.svg]
[www.sapien.network/static/svg/icon-public-private-browsing.svg]
[www.sapien.network/static/svg/icon-subscriptions.svg]
[www.sapien.network/static/svg/icon-friends-groups-posts.svg]
[www.sapien.network/static/svg/icon-feature-rich-chat.svg]
[www.sapien.network/static/svg/icon-encryption.svg]
[www.sapien.network/static/svg/icon-customizable.svg]
[www.sapien.network/static/png/bitclave@3x.png]
[www.sapien.network/static/png/blockchainlabs@3x.png]
[www.sapien.network/static/png/comply@3x.png]
[www.sapien.network/static/png/daostack@3x.png]
[www.sapien.network/static/png/infido@3x.png]
[www.sapien.network/static/png/rocketchat@3x.png]
[www.sapien.network/static/png/civic.png]
[www.sapien.network/static/png/ochain.png]
[www.sapien.network/static/png/passed-milestone.png]
[www.sapien.network/static/jpg/ankit-bhatia.jpg]
[www.sapien.network/static/jpg/rob.jpg]
[www.sapien.network/static/jpg/aurel.jpg]
[www.sapien.network/static/jpg/emmanuel.jpg]
[www.sapien.network/static/jpg/matias.jpg]
[www.sapien.network/static/jpg/andy.jpg]
[www.sapien.network/static/jpg/christopher.jpg]
[www.sapien.network/static/jpg/ben.jpg]
[www.sapien.network/static/jpg/lynn.png]
[www.sapien.network/static/jpg/mahmoud-abed.jpg]
[www.sapien.network/static/jpg/nishant-das.jpg]
[www.sapien.network/static/jpg/sabbir-ahmed-siddiquee.jpg]
[www.sapien.network/static/jpg/romain-arandel.jpg]
[www.sapien.network/static/jpg/anton-kaufmann.jpg]
[www.sapien.network/static/jpg/sam-mathews.jpg]
[www.sapien.network/static/jpg/hasan-tekin.jpg]
[www.sapien.network/static/jpg/happy.jpg]
[www.sapien.network/static/jpg/ibram-marzouk.jpg]
[www.sapien.network/static/jpg/ethan.jpg]
[www.sapien.network/static/jpg/katya.jpg]
[www.sapien.network/static/jpg/latif-nathani.jpg]
[www.sapien.network/static/jpg/gregory-berkin.jpg]
[www.sapien.network/static/jpg/christian-ferri.jpg]
[www.sapien.network/static/jpg/adnan-javed.jpg]
[www.sapien.network/static/jpg/dr-mihaela-ulieru.jpg]
[www.sapien.network/static/jpg/michael.jpg]
[www.sapien.network/cdn-cgi/l/email-protection.html]
[www.sapien.network/static/pdf/privacy_policy.pdf]
[www.sapien.network/terms.html]
[www.sapien.network/dmca.html]
[www.sapien.network/cdn-cgi/scripts/f2bf09f8/cloudflare-static/email-decode.min.js]
[www.sapien.network/index.html]
[use.fontawesome.com/releases/v5.0.10/css/all.css]
[maxcdn.bootstrapcdn.com/bootstrap/4.0.0/css/bootstrap.min.css]
[cdnjs.cloudflare.com/ajax/libs/slick-carousel/1.6.0/slick.min.css]
[ajax.cloudflare.com/cdn-cgi/scripts/4f936b58/cloudflare-static/rocket-loader.min.js]
[cdnjs.cloudflare.com/ajax/libs/slick-carousel/1.6.0/ajax-loader.gif]
[cdnjs.cloudflare.com/ajax/libs/slick-carousel/1.6.0/fonts/slick.eot]
[cdnjs.cloudflare.com/ajax/libs/slick-carousel/1.6.0/fonts/slickd41d.eot]
[cdnjs.cloudflare.com/ajax/libs/slick-carousel/1.6.0/fonts/slick.woff]
[cdnjs.cloudflare.com/ajax/libs/slick-carousel/1.6.0/fonts/slick.ttf]
[cdnjs.cloudflare.com/ajax/libs/slick-carousel/1.6.0/slick-theme.min.css]
[www.sapien.network/static/styles/loader.css]
[www.sapien.network/static/svg/icon-democracy.svg]
[www.sapien.network/static/svg/icon-privacy-data.svg]
[www.sapien.network/static/svg/icon-free-speech.svg]
[www.sapien.network/static/svg/icon-customizability.svg]
[www.sapien.network/static/svg/icon-monitor.svg]
[www.sapien.network/static/svg/icon-marketplace.svg]
[www.sapien.network/static/svg/icon-reward.svg]
[www.sapien.network/static/svg/icon-social.svg]
[www.sapien.network/static/svg/icon-data.svg]
[www.sapien.network/static/svg/icon-create.svg]
[www.sapien.network/static/svg/icon-public-private-browsing.svg]
[www.sapien.network/static/svg/icon-subscriptions.svg]
[www.sapien.network/static/svg/icon-friends-groups-posts.svg]
[www.sapien.network/static/svg/icon-feature-rich-chat.svg]
[www.sapien.network/static/svg/icon-encryption.svg]
[www.sapien.network/static/svg/icon-customizable.svg]
[www.sapien.network/cdn-cgi/l/email-protection.html]
[cdnjs.cloudflare.com/ajax/libs/slick-carousel/1.6.0/fonts/slick.svg]
[www.sapien.network/_next/5837f2ba-26fb-4035-9019-c840310b227b/page/terms.js]
[www.sapien.network/terms.html]
[www.sapien.network/privacy.html]
[www.sapien.network/dmca.html]
[www.sapien.network/_next/5837f2ba-26fb-4035-9019-c840310b227b/page/dmca.js]
[cdnjs.cloudflare.com/ajax/libs/slick-carousel/1.6.0/fonts/slick.svg]
[www.sapien.network/privacy.html]
[www.sapien.network/_next/5837f2ba-26fb-4035-9019-c840310b227b/page/privacy.js]
